running egg_info
creating ../../build/uav_sim_ros/uav_sim_ros.egg-info
writing ../../build/uav_sim_ros/uav_sim_ros.egg-info/PKG-INFO
writing dependency_links to ../../build/uav_sim_ros/uav_sim_ros.egg-info/dependency_links.txt
writing requirements to ../../build/uav_sim_ros/uav_sim_ros.egg-info/requires.txt
writing top-level names to ../../build/uav_sim_ros/uav_sim_ros.egg-info/top_level.txt
writing manifest file '../../build/uav_sim_ros/uav_sim_ros.egg-info/SOURCES.txt'
reading manifest file '../../build/uav_sim_ros/uav_sim_ros.egg-info/SOURCES.txt'
writing manifest file '../../build/uav_sim_ros/uav_sim_ros.egg-info/SOURCES.txt'
running build
running build_py
creating /home/reike/Desktop/scrivania/robotics/simulations&notebooks/infinity-autopilot-simulation/ros_ws_infinity_autopilot/build/uav_sim_ros/build
creating /home/reike/Desktop/scrivania/robotics/simulations&notebooks/infinity-autopilot-simulation/ros_ws_infinity_autopilot/build/uav_sim_ros/build/lib
creating /home/reike/Desktop/scrivania/robotics/simulations&notebooks/infinity-autopilot-simulation/ros_ws_infinity_autopilot/build/uav_sim_ros/build/lib/uav_sim_ros
copying uav_sim_ros/sim_node.py -> /home/reike/Desktop/scrivania/robotics/simulations&notebooks/infinity-autopilot-simulation/ros_ws_infinity_autopilot/build/uav_sim_ros/build/lib/uav_sim_ros
copying uav_sim_ros/__init__.py -> /home/reike/Desktop/scrivania/robotics/simulations&notebooks/infinity-autopilot-simulation/ros_ws_infinity_autopilot/build/uav_sim_ros/build/lib/uav_sim_ros
running install
running install_lib
creating /home/reike/Desktop/scrivania/robotics/simulations&notebooks/infinity-autopilot-simulation/ros_ws_infinity_autopilot/install/uav_sim_ros/lib/python3.12/site-packages/uav_sim_ros
copying /home/reike/Desktop/scrivania/robotics/simulations&notebooks/infinity-autopilot-simulation/ros_ws_infinity_autopilot/build/uav_sim_ros/build/lib/uav_sim_ros/sim_node.py -> /home/reike/Desktop/scrivania/robotics/simulations&notebooks/infinity-autopilot-simulation/ros_ws_infinity_autopilot/install/uav_sim_ros/lib/python3.12/site-packages/uav_sim_ros
copying /home/reike/Desktop/scrivania/robotics/simulations&notebooks/infinity-autopilot-simulation/ros_ws_infinity_autopilot/build/uav_sim_ros/build/lib/uav_sim_ros/__init__.py -> /home/reike/Desktop/scrivania/robotics/simulations&notebooks/infinity-autopilot-simulation/ros_ws_infinity_autopilot/install/uav_sim_ros/lib/python3.12/site-packages/uav_sim_ros
byte-compiling /home/reike/Desktop/scrivania/robotics/simulations&notebooks/infinity-autopilot-simulation/ros_ws_infinity_autopilot/install/uav_sim_ros/lib/python3.12/site-packages/uav_sim_ros/sim_node.py to sim_node.cpython-312.pyc
byte-compiling /home/reike/Desktop/scrivania/robotics/simulations&notebooks/infinity-autopilot-simulation/ros_ws_infinity_autopilot/install/uav_sim_ros/lib/python3.12/site-packages/uav_sim_ros/__init__.py to __init__.cpython-312.pyc
running install_data
creating /home/reike/Desktop/scrivania/robotics/simulations&notebooks/infinity-autopilot-simulation/ros_ws_infinity_autopilot/install/uav_sim_ros/share/ament_index
creating /home/reike/Desktop/scrivania/robotics/simulations&notebooks/infinity-autopilot-simulation/ros_ws_infinity_autopilot/install/uav_sim_ros/share/ament_index/resource_index
creating /home/reike/Desktop/scrivania/robotics/simulations&notebooks/infinity-autopilot-simulation/ros_ws_infinity_autopilot/install/uav_sim_ros/share/ament_index/resource_index/packages
copying resource/uav_sim_ros -> /home/reike/Desktop/scrivania/robotics/simulations&notebooks/infinity-autopilot-simulation/ros_ws_infinity_autopilot/install/uav_sim_ros/share/ament_index/resource_index/packages
copying package.xml -> /home/reike/Desktop/scrivania/robotics/simulations&notebooks/infinity-autopilot-simulation/ros_ws_infinity_autopilot/install/uav_sim_ros/share/uav_sim_ros
running install_egg_info
Copying ../../build/uav_sim_ros/uav_sim_ros.egg-info to /home/reike/Desktop/scrivania/robotics/simulations&notebooks/infinity-autopilot-simulation/ros_ws_infinity_autopilot/install/uav_sim_ros/lib/python3.12/site-packages/uav_sim_ros-0.0.0-py3.12.egg-info
running install_scripts
writing list of installed files to '/home/reike/Desktop/scrivania/robotics/simulations&notebooks/infinity-autopilot-simulation/ros_ws_infinity_autopilot/build/uav_sim_ros/install.log'
